../Core/Src/main.c:82:6:ADC_channel_select	32	static
../Core/Src/main.c:94:6:HAL_GPIO_EXTI_Callback	16	static
../Core/Src/main.c:100:6:HAL_CAN_RxFifo0MsgPendingCallback	16	static
../Core/Src/main.c:110:5:main	24	static
../Core/Src/main.c:198:6:SystemClock_Config	88	static
../Core/Src/main.c:249:13:MX_ADC1_Init	24	static
../Core/Src/main.c:301:13:MX_CAN1_Init	48	static
../Core/Src/main.c:350:13:MX_SPI1_Init	8	static
../Core/Src/main.c:388:13:MX_GPIO_Init	48	static
../Core/Src/main.c:461:6:shiftOut	16	static
../Core/Src/main.c:475:6:Error_Handler	8	static,ignoring_inline_asm
