../Core/Src/main.c:81:6:ADC_channel_select	32	static
../Core/Src/main.c:93:6:HAL_GPIO_EXTI_Callback	16	static
../Core/Src/main.c:105:6:HAL_CAN_RxFifo0MsgPendingCallback	16	static
../Core/Src/main.c:116:5:main	24	static
../Core/Src/main.c:225:6:SystemClock_Config	88	static
../Core/Src/main.c:276:13:MX_ADC1_Init	24	static
../Core/Src/main.c:328:13:MX_CAN1_Init	48	static
../Core/Src/main.c:377:13:MX_SPI1_Init	8	static
../Core/Src/main.c:415:13:MX_GPIO_Init	48	static
../Core/Src/main.c:495:6:Error_Handler	8	static,ignoring_inline_asm
